

0 code difference(s) found in file ../../../asxtst/asmt2bhi.lst



0 code difference(s) found in file ../../../asxtst/asmt2bhi.lst



0 code difference(s) found in file ../../../asxtst/asmt2bhi.lst



0 code difference(s) found in file ../../../asxtst/asmt2blo.lst



0 code difference(s) found in file ../../../asxtst/as12bthi.lst



0 code difference(s) found in file ../../../asxtst/asmt2blo.lst



0 code difference(s) found in file ../../../asxtst/asmt2bhi.lst



0 code difference(s) found in file ../../../asxtst/asmt2bhi.lst



0 code difference(s) found in file ../../../asxtst/asmt2bhi.lst



0 code difference(s) found in file ../../../asxtst/asmt2bhi.lst



0 code difference(s) found in file ../../../asxtst/asmt2bhi.lst



0 code difference(s) found in file ../../../asxtst/asmt2bhi.lst



0 code difference(s) found in file ../../../asxtst/asmt2bhi.lst



0 code difference(s) found in file ../../../asxtst/asmt2bhi.lst



0 code difference(s) found in file ../../../asxtst/asmt3bhi.lst



0 code difference(s) found in file ../../../asxtst/asmt4bhi.lst



0 code difference(s) found in file ../../../asxtst/asmt2bhi.lst



0 code difference(s) found in file ../../../asxtst/asmt2blo.lst



0 code difference(s) found in file ../../../asxtst/asmt2blo.lst



0 code difference(s) found in file ../../../asxtst/asmt2blo.lst



0 code difference(s) found in file ../../../asxtst/asmt2blo.lst



0 code difference(s) found in file ../../../asxtst/asmt2blo.lst



0 code difference(s) found in file ../../../asxtst/asmt2bhi.lst



0 code difference(s) found in file ../../../asxtst/asmt2bhi.lst



0 code difference(s) found in file ../../../asxtst/asmt2blo.lst



0 code difference(s) found in file ../../../asxtst/asmt2bhi.lst



0 code difference(s) found in file ../../../asxtst/asmt2bhi.lst



0 code difference(s) found in file ../../../asxtst/asmt2bhi.lst



0 code difference(s) found in file ../../../asxtst/asmt3bhi.lst



0 code difference(s) found in file ../../../asxtst/asmt2blo.lst



0 code difference(s) found in file ../../../asxtst/asmt4blo.lst



0 code difference(s) found in file ../../../asxtst/asmt2bhi.lst



0 code difference(s) found in file ../../../asxtst/asmt2bhi.lst



0 code difference(s) found in file ../../../asxtst/asmt2bhi.lst



0 code difference(s) found in file ../../../asxtst/asmt3blo.lst



0 code difference(s) found in file ../../../asxtst/asmt2bhi.lst



0 code difference(s) found in file ../../../asxtst/asmt2bhi.lst



0 code difference(s) found in file ../../../asxtst/asmt2blo.lst



0 code difference(s) found in file ../../../asxtst/asmt2bhi.lst



0 code difference(s) found in file ../../../asxtst/asmt2bhi.lst



0 code difference(s) found in file ../../../asxtst/asmt2blo.lst



0 code difference(s) found in file ../../../asxtst/asmt2blo.lst



0 code difference(s) found in file ../../../asxtst/asmt4blo.lst



0 code difference(s) found in file ../../../asxtst/asmt2blo.lst



0 code difference(s) found in file ../../../asxtst/asmt2bhi.lst



0 code difference(s) found in file ../../../asxtst/asmt2bhi.lst



0 code difference(s) found in file ../../../asxtst/asmt2bhi.lst



0 code difference(s) found in file ../../../asxtst/asmt2bhi.lst



0 code difference(s) found in file ../../../asxtst/asmt3bhi.lst



0 code difference(s) found in file ../../../asxtst/asmt2bhi.lst



0 code difference(s) found in file ../../../asxtst/asmt2blo.lst



0 code difference(s) found in file ../../../asxtst/asmt2blo.lst



0 code difference(s) found in file ../../../asxtst/asmt2bhi.lst



0 code difference(s) found in file ../../../asxtst/asmt2blo.lst



0 code difference(s) found in file ../../../asxtst/asmt3bhi.lst



0 code difference(s) found in file ../../../asxtst/asmt3blo.lst



0 code difference(s) found in file ../../../asxtst/asmt4bhi.lst



0 code difference(s) found in file ../../../asxtst/asmt4blo.lst



0 code difference(s) found in file ../../../as1802/t1802.lst



0 code difference(s) found in file ../../../as2650/t2650.lst



0 code difference(s) found in file ../../../as2650/t2650.rst



0 code difference(s) found in file ../../../as4040/t4040.lst



0 code difference(s) found in file ../../../as4040/t4040.rst



0 code difference(s) found in file ../../../as430/t430.lst



0 code difference(s) found in file ../../../as430/t430.rst



0 code difference(s) found in file ../../../as6100/t61.lst



0 code difference(s) found in file ../../../as6100/t61.rst



0 code difference(s) found in file ../../../as61860/t61860.lst



0 code difference(s) found in file ../../../as61860/t61860s.lst



0 code difference(s) found in file ../../../as61860/t61860s.rst



0 code difference(s) found in file ../../../as6500/t6500.lst



0 code difference(s) found in file ../../../as6500/t6500s.lst



0 code difference(s) found in file ../../../as6800/t6800.lst



0 code difference(s) found in file ../../../as6800/t6800s.lst



0 code difference(s) found in file ../../../as6801/t6801.lst



0 code difference(s) found in file ../../../as6801/t6801s.lst



0 code difference(s) found in file ../../../as6804/t6804s.lst



0 code difference(s) found in file ../../../as6805/t6805s.lst



0 code difference(s) found in file ../../../as6808/t6808l.lst



0 code difference(s) found in file ../../../as6808/t6808l.rst



0 code difference(s) found in file ../../../as6808/t6808g.lst



0 code difference(s) found in file ../../../as6808/t6808g.rst



0 code difference(s) found in file ../../../as6809/t6809_e.lst



0 code difference(s) found in file ../../../as6809/t6809_e.rst



0 code difference(s) found in file ../../../as6809/t6809_i.lst



0 code difference(s) found in file ../../../as6809/t6809_i.rst



0 code difference(s) found in file ../../../as6811/t6811.lst



0 code difference(s) found in file ../../../as6811/t6811s.lst



0 code difference(s) found in file ../../../as6812/t6812.lst



0 code difference(s) found in file ../../../as6812/t6812a.lst



0 code difference(s) found in file ../../../as6812/t6812b.lst



0 code difference(s) found in file ../../../as6816/t6816.lst



0 code difference(s) found in file ../../../as6816/t6816.rst



0 code difference(s) found in file ../../../as68k/t68k.lst




0 code difference(s) found in file ../../../as740/t740s_e.lst



0 code difference(s) found in file ../../../as740/t740s_e.rst



0 code difference(s) found in file ../../../as740/t740s_i.lst



0 code difference(s) found in file ../../../as740/t740s_i.rst



0 code difference(s) found in file ../../../as78k0/t78k0.lst



0 code difference(s) found in file ../../../as78k0/t78k0.rst



0 code difference(s) found in file ../../../as78k0s/t78ks.lst



0 code difference(s) found in file ../../../as78k0s/t78ks.rst



0 code difference(s) found in file ../../../as8008/t08.lst



0 code difference(s) found in file ../../../as8008/t08.rst



0 code difference(s) found in file ../../../as8008s/t08s.lst



0 code difference(s) found in file ../../../as8008s/t08s.rst



0 code difference(s) found in file ../../../as8048/t8048s.lst



0 code difference(s) found in file ../../../as8048/t8048s.rst



0 code difference(s) found in file ../../../as8051/t8051.lst



0 code difference(s) found in file ../../../as8085/t8085x.lst



0 code difference(s) found in file ../../../as89lp/t89.lst



0 code difference(s) found in file ../../../as8x300/ts8x.lst



0 code difference(s) found in file ../../../as8x300/ts8x.rst



0 code difference(s) found in file ../../../as8xcxxx/t80c390.lst



0 code difference(s) found in file ../../../ascop4/tcop4.lst



0 code difference(s) found in file ../../../ascop4/tcop4.rst



0 code difference(s) found in file ../../../ascop8/tcop8.lst



0 code difference(s) found in file ../../../ascop8/tcop8.rst




0 code difference(s) found in file ../../../asavr/tavr.rst



0 code difference(s) found in file ../../../asez80/tez80.lst



0 code difference(s) found in file ../../../asez80/tez80.rst



0 code difference(s) found in file ../../../asf2mc8/tf2mc8.lst



0 code difference(s) found in file ../../../asf2mc8/tf2mc8.rst




0 code difference(s) found in file ../../../asf8/tf8seq.lst



0 code difference(s) found in file ../../../asf8/tf8seq.rst



0 code difference(s) found in file ../../../asgb/tgb.lst



0 code difference(s) found in file ../../../asgb/tgb.rst



0 code difference(s) found in file ../../../ash8/th8.lst



0 code difference(s) found in file ../../../asm8c/tm8cs.lst



0 code difference(s) found in file ../../../aspdp11/t11.lst




0 code difference(s) found in file ../../../aspdp11/t11.rst



0 code difference(s) found in file ../../../aspic/p12c5xx/tp12c5xx.lst



0 code difference(s) found in file ../../../aspic/p12c67x/tp12c67x.lst



0 code difference(s) found in file ../../../aspic/p16cxxx/tpic16cx.lst



0 code difference(s) found in file ../../../aspic/p17cxxx/tpic17cx.lst



0 code difference(s) found in file ../../../aspic/p18cxxx/tpic18cx.lst



0 code difference(s) found in file ../../../asrab/trabl.lst



0 code difference(s) found in file ../../../asrab/trabl.rst




0 code difference(s) found in file ../../../asrab/trabg.rst



0 code difference(s) found in file ../../../asrs08/trs08.lst



0 code difference(s) found in file ../../../asrs08/trs08.rst



0 code difference(s) found in file ../../../asscmp/tscmp.lst



0 code difference(s) found in file ../../../asscmp/tscmp.rst



0 code difference(s) found in file ../../../asst6/tst6.lst




0 code difference(s) found in file ../../../asst6/tst6.rst



0 code difference(s) found in file ../../../asst7/tst7.lst




0 code difference(s) found in file ../../../asst7/tst7.rst



0 code difference(s) found in file ../../../asst8/tst8.lst




0 code difference(s) found in file ../../../asst8/tst8.rst



0 code difference(s) found in file ../../../assx/tsx.lst



0 code difference(s) found in file ../../../assx/tsx.rst



0 code difference(s) found in file ../../../asz8/tz8.lst



0 code difference(s) found in file ../../../asz8/tz8.rst



0 code difference(s) found in file ../../../asz80/tz80.lst



0 code difference(s) found in file ../../../asz280/tzx_CL.lst




0 code difference(s) found in file ../../../asz280/tzx_CR.rst



0 code difference(s) found in file ../../../asz280/tzx_XL.lst




0 code difference(s) found in file ../../../asz280/tzx_XR.rst



0 code difference(s) found in file ../../../asz280/tzx_EXL.lst




0 code difference(s) found in file ../../../asz280/tzx_EXR.rst

